{
    "externalIdentifier": "DHL_FOR_YOU:23182",
    "id": 9,
    "name": "DHL_FOR_YOU",
    "contractId": "23182",
    "enabled": true,
    "isDefault": false,
    "optional": false,
    "primary": false,
    "type": "custom",
    "inboundFeatures": {
        "packageTypes": [
            "PACKAGE"
        ],
        "deliveryTypes": [
            "STANDARD_DELIVERY"
        ],
        "shipmentOptions": [
            "SIGNATURE",
            "RETURN",
            "AGE_CHECK",
            "ONLY_RECIPIENT",
            "SAME_DAY_DELIVERY",
            "LARGE_FORMAT"
        ],
        "metadata": {
            "labelDescriptionLength": 45
        }
    },
    "outboundFeatures": {
        "packageTypes": [
            "PACKAGE",
            "MAILBOX",
            "SMALL"
        ],
        "deliveryTypes": [
            "STANDARD_DELIVERY",
            "PICKUP_DELIVERY"
        ],
        "shipmentOptions": [
            "AGE_CHECK",
            "ONLY_RECIPIENT",
            "SAME_DAY_DELIVERY",
            "SIGNATURE",
            "SATURDAY_DELIVERY",
            "HIDE_SENDER",
            "INSURANCE"
        ],
        "metadata": {
            "labelDescriptionLength": 45
        }
    }
}
