{
  "productData": [
    {
      "externalIdentifier": "123",
      "isDeliverable": true,
      "weight": 0,
      "length": 0,
      "width": 0,
      "height": 0,
      "settings": {
        "id": "product",
        "countryOfOrigin": -1,
        "customsCode": -1,
        "disableDeliveryOptions": -1,
        "dropOffDelay": -1,
        "exportAgeCheck": -1,
        "exportHideSender": -1,
        "exportInsurance": -1,
        "exportLargeFormat": -1,
        "exportOnlyRecipient": -1,
        "exportReturn": -1,
        "exportSignature": -1,
        "exportTracked": -1,
        "exportFood": -1,
        "exportFrozenFood": -1,
        "fitInDigitalStamp": -1,
        "fitInMailbox": -1,
        "packageType": -1
      },
      "mergedSettings": {
        "id": "product",
        "countryOfOrigin": -1,
        "customsCode": -1,
        "disableDeliveryOptions": -1,
        "dropOffDelay": -1,
        "exportAgeCheck": -1,
        "exportHideSender": -1,
        "exportInsurance": -1,
        "exportLargeFormat": -1,
        "exportOnlyRecipient": -1,
        "exportReturn": -1,
        "exportSignature": -1,
        "exportTracked": -1,
        "exportFood": -1,
        "exportFrozenFood": -1,
        "fitInDigitalStamp": -1,
        "fitInMailbox": -1,
        "packageType": -1
      }
    }
  ]
}
