{
  "packageType": "package",
  "carrierSettings": {
    "postnl": {
      "allowDeliveryOptions": false,
      "allowStandardDelivery": false,
      "allowEveningDelivery": false,
      "allowMondayDelivery": false,
      "allowMorningDelivery": false,
      "allowOnlyRecipient": false,
      "allowPickupLocations": false,
      "allowSameDayDelivery": false,
      "allowSaturdayDelivery": false,
      "allowSignature": false,
      "allowExpressDelivery": false,
      "priceEveningDelivery": 0,
      "priceMorningDelivery": 0,
      "priceOnlyRecipient": 0,
      "pricePackageTypeDigitalStamp": 0,
      "pricePackageTypeMailbox": 0,
      "pricePackageTypePackageSmall": 0,
      "pricePickup": 0,
      "priceSameDayDelivery": 0,
      "priceSignature": 0,
      "priceStandardDelivery": 0,
      "priceCollect": 0,
      "priceExpressDelivery": 0,
      "deliveryDaysWindow": 7,
      "dropOffDelay": 0,
      "cutoffTime": null,
      "cutoffTimeSameDay": "10:00",
      "dropOffDays": []
    },
    "cheapcargo": {
      "allowDeliveryOptions": false,
      "allowStandardDelivery": false,
      "allowEveningDelivery": false,
      "allowMondayDelivery": false,
      "allowMorningDelivery": false,
      "allowOnlyRecipient": false,
      "allowPickupLocations": false,
      "allowSameDayDelivery": false,
      "allowSaturdayDelivery": false,
      "allowSignature": false,
      "allowExpressDelivery": false,
      "priceEveningDelivery": 0,
      "priceMorningDelivery": 0,
      "priceOnlyRecipient": 0,
      "pricePackageTypeDigitalStamp": 0,
      "pricePackageTypeMailbox": 0,
      "pricePackageTypePackageSmall": 0,
      "pricePickup": 0,
      "priceSameDayDelivery": 0,
      "priceSignature": 0,
      "priceStandardDelivery": 0,
      "priceCollect": 0,
      "priceExpressDelivery": 0,
      "deliveryDaysWindow": 7,
      "dropOffDelay": 0,
      "cutoffTime": null,
      "cutoffTimeSameDay": "10:00",
      "dropOffDays": []
    },
    "dpd": {
      "allowDeliveryOptions": false,
      "allowStandardDelivery": false,
      "allowEveningDelivery": false,
      "allowMondayDelivery": false,
      "allowMorningDelivery": false,
      "allowOnlyRecipient": false,
      "allowPickupLocations": false,
      "allowSameDayDelivery": false,
      "allowSaturdayDelivery": false,
      "allowSignature": false,
      "allowExpressDelivery": false,
      "priceEveningDelivery": 0,
      "priceMorningDelivery": 0,
      "priceOnlyRecipient": 0,
      "pricePackageTypeDigitalStamp": 0,
      "pricePackageTypeMailbox": 0,
      "pricePackageTypePackageSmall": 0,
      "pricePickup": 0,
      "priceSameDayDelivery": 0,
      "priceSignature": 0,
      "priceStandardDelivery": 0,
      "priceCollect": 0,
      "priceExpressDelivery": 0,
      "deliveryDaysWindow": 7,
      "dropOffDelay": 0,
      "cutoffTime": null,
      "cutoffTimeSameDay": "10:00",
      "dropOffDays": []
    },
    "instabox": {
      "allowDeliveryOptions": false,
      "allowStandardDelivery": false,
      "allowEveningDelivery": false,
      "allowMondayDelivery": false,
      "allowMorningDelivery": false,
      "allowOnlyRecipient": false,
      "allowPickupLocations": false,
      "allowSameDayDelivery": false,
      "allowSaturdayDelivery": false,
      "allowSignature": false,
      "allowExpressDelivery": false,
      "priceEveningDelivery": 0,
      "priceMorningDelivery": 0,
      "priceOnlyRecipient": 0,
      "pricePackageTypeDigitalStamp": 0,
      "pricePackageTypeMailbox": 0,
      "pricePackageTypePackageSmall": 0,
      "pricePickup": 0,
      "priceSameDayDelivery": 0,
      "priceSignature": 0,
      "priceStandardDelivery": 0,
      "priceCollect": 0,
      "priceExpressDelivery": 0,
      "deliveryDaysWindow": 7,
      "dropOffDelay": 0,
      "cutoffTime": null,
      "cutoffTimeSameDay": "10:00",
      "dropOffDays": []
    },
    "dhlforyou": {
      "allowDeliveryOptions": false,
      "allowStandardDelivery": false,
      "allowEveningDelivery": false,
      "allowMondayDelivery": false,
      "allowMorningDelivery": false,
      "allowOnlyRecipient": false,
      "allowPickupLocations": false,
      "allowSameDayDelivery": false,
      "allowSaturdayDelivery": false,
      "allowSignature": false,
      "allowExpressDelivery": false,
      "priceEveningDelivery": 0,
      "priceMorningDelivery": 0,
      "priceOnlyRecipient": 0,
      "pricePackageTypeDigitalStamp": 0,
      "pricePackageTypeMailbox": 0,
      "pricePackageTypePackageSmall": 0,
      "pricePickup": 0,
      "priceSameDayDelivery": 0,
      "priceSignature": 0,
      "priceStandardDelivery": 0,
      "priceCollect": 0,
      "priceExpressDelivery": 0,
      "deliveryDaysWindow": 7,
      "dropOffDelay": 0,
      "cutoffTime": null,
      "cutoffTimeSameDay": "10:00",
      "dropOffDays": []
    },
    "dhlparcelconnect": {
      "allowDeliveryOptions": false,
      "allowStandardDelivery": false,
      "allowEveningDelivery": false,
      "allowMondayDelivery": false,
      "allowMorningDelivery": false,
      "allowOnlyRecipient": false,
      "allowPickupLocations": false,
      "allowSameDayDelivery": false,
      "allowSaturdayDelivery": false,
      "allowSignature": false,
      "allowExpressDelivery": false,
      "priceEveningDelivery": 0,
      "priceMorningDelivery": 0,
      "priceOnlyRecipient": 0,
      "pricePackageTypeDigitalStamp": 0,
      "pricePackageTypeMailbox": 0,
      "pricePackageTypePackageSmall": 0,
      "pricePickup": 0,
      "priceSameDayDelivery": 0,
      "priceSignature": 0,
      "priceStandardDelivery": 0,
      "priceCollect": 0,
      "priceExpressDelivery": 0,
      "deliveryDaysWindow": 7,
      "dropOffDelay": 0,
      "cutoffTime": null,
      "cutoffTimeSameDay": "10:00",
      "dropOffDays": []
    },
    "dhleuroplus": {
      "allowDeliveryOptions": false,
      "allowStandardDelivery": false,
      "allowEveningDelivery": false,
      "allowMondayDelivery": false,
      "allowMorningDelivery": false,
      "allowOnlyRecipient": false,
      "allowPickupLocations": false,
      "allowSameDayDelivery": false,
      "allowSaturdayDelivery": false,
      "allowSignature": false,
      "allowExpressDelivery": false,
      "priceEveningDelivery": 0,
      "priceMorningDelivery": 0,
      "priceOnlyRecipient": 0,
      "pricePackageTypeDigitalStamp": 0,
      "pricePackageTypeMailbox": 0,
      "pricePackageTypePackageSmall": 0,
      "pricePickup": 0,
      "priceSameDayDelivery": 0,
      "priceSignature": 0,
      "priceStandardDelivery": 0,
      "priceCollect": 0,
      "priceExpressDelivery": 0,
      "deliveryDaysWindow": 7,
      "dropOffDelay": 0,
      "cutoffTime": null,
      "cutoffTimeSameDay": "10:00",
      "dropOffDays": []
    },
    "upsstandard": {
      "allowDeliveryOptions": false,
      "allowStandardDelivery": false,
      "allowEveningDelivery": false,
      "allowMondayDelivery": false,
      "allowMorningDelivery": false,
      "allowOnlyRecipient": false,
      "allowPickupLocations": false,
      "allowSameDayDelivery": false,
      "allowSaturdayDelivery": false,
      "allowSignature": false,
      "allowExpressDelivery": false,
      "priceEveningDelivery": 0,
      "priceMorningDelivery": 0,
      "priceOnlyRecipient": 0,
      "pricePackageTypeDigitalStamp": 0,
      "pricePackageTypeMailbox": 0,
      "pricePackageTypePackageSmall": 0,
      "pricePickup": 0,
      "priceSameDayDelivery": 0,
      "priceSignature": 0,
      "priceStandardDelivery": 0,
      "priceCollect": 0,
      "priceExpressDelivery": 0,
      "deliveryDaysWindow": 7,
      "dropOffDelay": 0,
      "cutoffTime": null,
      "cutoffTimeSameDay": "10:00",
      "dropOffDays": []
    },
    "upsexpresssaver": {
      "allowDeliveryOptions": false,
      "allowStandardDelivery": false,
      "allowEveningDelivery": false,
      "allowMondayDelivery": false,
      "allowMorningDelivery": false,
      "allowOnlyRecipient": false,
      "allowPickupLocations": false,
      "allowSameDayDelivery": false,
      "allowSaturdayDelivery": false,
      "allowSignature": false,
      "allowExpressDelivery": false,
      "priceEveningDelivery": 0,
      "priceMorningDelivery": 0,
      "priceOnlyRecipient": 0,
      "pricePackageTypeDigitalStamp": 0,
      "pricePackageTypeMailbox": 0,
      "pricePackageTypePackageSmall": 0,
      "pricePickup": 0,
      "priceSameDayDelivery": 0,
      "priceSignature": 0,
      "priceStandardDelivery": 0,
      "priceCollect": 0,
      "priceExpressDelivery": 0,
      "deliveryDaysWindow": 7,
      "dropOffDelay": 0,
      "cutoffTime": null,
      "cutoffTimeSameDay": "10:00",
      "dropOffDays": []
    },
    "bol.com": {
      "allowDeliveryOptions": false,
      "allowStandardDelivery": false,
      "allowEveningDelivery": false,
      "allowMondayDelivery": false,
      "allowMorningDelivery": false,
      "allowOnlyRecipient": false,
      "allowPickupLocations": false,
      "allowSameDayDelivery": false,
      "allowSaturdayDelivery": false,
      "allowSignature": false,
      "allowExpressDelivery": false,
      "priceEveningDelivery": 0,
      "priceMorningDelivery": 0,
      "priceOnlyRecipient": 0,
      "pricePackageTypeDigitalStamp": 0,
      "pricePackageTypeMailbox": 0,
      "pricePackageTypePackageSmall": 0,
      "pricePickup": 0,
      "priceSameDayDelivery": 0,
      "priceSignature": 0,
      "priceStandardDelivery": 0,
      "priceCollect": 0,
      "priceExpressDelivery": 0,
      "deliveryDaysWindow": 7,
      "dropOffDelay": 0,
      "cutoffTime": null,
      "cutoffTimeSameDay": "10:00",
      "dropOffDays": []
    },
    "gls": {
      "allowDeliveryOptions": false,
      "allowStandardDelivery": false,
      "allowEveningDelivery": false,
      "allowMondayDelivery": false,
      "allowMorningDelivery": false,
      "allowOnlyRecipient": false,
      "allowPickupLocations": false,
      "allowSameDayDelivery": false,
      "allowSaturdayDelivery": false,
      "allowSignature": false,
      "allowExpressDelivery": false,
      "priceEveningDelivery": 0,
      "priceMorningDelivery": 0,
      "priceOnlyRecipient": 0,
      "pricePackageTypeDigitalStamp": 0,
      "pricePackageTypeMailbox": 0,
      "pricePackageTypePackageSmall": 0,
      "pricePickup": 0,
      "priceSameDayDelivery": 0,
      "priceSignature": 0,
      "priceStandardDelivery": 0,
      "priceCollect": 0,
      "priceExpressDelivery": 0,
      "deliveryDaysWindow": 7,
      "dropOffDelay": 0,
      "cutoffTime": null,
      "cutoffTimeSameDay": "10:00",
      "dropOffDays": []
    }
  },
  "basePrice": 0,
  "priceStandardDelivery": 0
}
