{
  "data": {
    "shipments": [
      {
        "carrier": 9,
        "general_settings": {
          "save_recipient_address": 0
        },
        "options": {
          "package_type": 1,
          "delivery_type": 2,
          "only_recipient": 1
        },
        "physical_properties": {
          "weight": 0
        },
        "recipient": {
          "cc": "NL",
          "city": "Hoofddorp",
          "company": "MyParcel",
          "person": "Felicia Parcel",
          "postal_code": "2132 JE",
          "street": "Antareslaan 31"
        },
        "reference_identifier": "PDK-1"
      }
    ]
  }
}
