{
    "data": {
        "shipments": [
            {
                "carrier": 1,
                "general_settings": {
                    "save_recipient_address": 0
                },
                "options": {
                    "package_type": 1,
                    "delivery_type": 3,
                    "delivery_date": "2077-10-23 09:47:51",
                    "large_format": 1,
                    "only_recipient": 1,
                    "signature": 1
                },
                "physical_properties": {
                    "weight": 0
                },
                "recipient": {
                    "cc": "NL",
                    "city": "Bikinibroek",
                    "postal_code": "2771BW",
                    "street": "Pietjestraat 35"
                },
                "reference_identifier": "250"
            },
            {
                "carrier": 1,
                "general_settings": {
                    "save_recipient_address": 0
                },
                "options": {
                    "package_type": 1,
                    "delivery_type": 3,
                    "delivery_date": "2077-10-23 09:47:51",
                    "large_format": 1,
                    "only_recipient": 1,
                    "signature": 1
                },
                "physical_properties": {
                    "weight": 0
                },
                "recipient": {
                    "cc": "NL",
                    "city": "Bikinibroek",
                    "postal_code": "2771BW",
                    "street": "Pietjestraat 35"
                },
                "reference_identifier": "250"
            },
            {
                "carrier": 9,
                "general_settings": {
                    "save_recipient_address": 0
                },
                "options": {
                    "package_type": 1,
                    "delivery_type": 2,
                    "label_description": "1",
                    "age_check": 1,
                    "hide_sender": 1,
                    "return": 1,
                    "signature": 1
                },
                "physical_properties": {
                    "weight": 0
                },
                "recipient": {
                    "cc": "NL",
                    "city": "Bikinibroek",
                    "postal_code": "2771BW",
                    "street": "Pietjestraat 35"
                },
                "reference_identifier": "251"
            }
        ]
    }
}
