{
    "productData": [
        {
            "externalIdentifier": null,
            "sku": null,
            "ean": null,
            "isDeliverable": null,
            "name": null,
            "price": null,
            "weight": 0,
            "length": 0,
            "width": 0,
            "height": 0,
            "settings": {
                "id": "product",
                "countryOfOrigin": "NL",
                "customsCode": "0000",
                "disableDeliveryOptions": -1,
                "dropOffDelay": 0,
                "exportAgeCheck": -1,
                "exportHideSender": -1,
                "exportInsurance": -1,
                "exportLargeFormat": -1,
                "exportOnlyRecipient": -1,
                "exportReturn": -1,
                "exportSignature": -1,
                "fitInMailbox": 0,
                "packageType": "package"
            },
            "parent": {
                "externalIdentifier": null,
                "sku": null,
                "ean": null,
                "isDeliverable": null,
                "name": null,
                "price": null,
                "weight": 0,
                "length": 0,
                "width": 0,
                "height": 0,
                "settings": {
                    "id": "product",
                    "countryOfOrigin": "NL",
                    "customsCode": "0000",
                    "disableDeliveryOptions": -1,
                    "dropOffDelay": 0,
                    "exportAgeCheck": -1,
                    "exportHideSender": -1,
                    "exportInsurance": -1,
                    "exportLargeFormat": -1,
                    "exportOnlyRecipient": -1,
                    "exportReturn": -1,
                    "exportSignature": -1,
                    "fitInMailbox": 0,
                    "packageType": "package"
                },
                "parent": null
            }
        }
    ]
}
