<html><body>
<span id="myparcel-pdk-boot" data-pdk-context="__CONTEXT__"></span>
</body></html>
