<html><body>
<span id="myparcel-pdk-boot" data-pdk-context="[]"></span>
</body></html>
