[
  {
    "property": "deliveryOptions.pickupLocation",
    "pointer": "/deliveryOptions/pickupLocation",
    "message": "NULL value found, but an object is required",
    "constraint": "type",
    "context": 1
  },
  {
    "property": "deliveryOptions.deliveryType",
    "pointer": "/deliveryOptions/deliveryType",
    "message": "Does not have a value in the enumeration [\"morning\",\"standard\",\"evening\",null]",
    "constraint": "enum",
    "context": 1,
    "enum": ["morning", "standard", "evening", null]
  },
  {
    "property": "",
    "pointer": "",
    "message": "Failed to match at least one schema",
    "constraint": "anyOf",
    "context": 1
  },
  {
    "property": "",
    "pointer": "",
    "message": "Failed to match all schemas",
    "constraint": "allOf",
    "context": 1
  }
]
