{
    "uuid": null,
    "externalIdentifier": null,
    "fulfilmentPartnerIdentifier": null,
    "shopId": null,
    "accountId": null,
    "invoiceAddress": null,
    "language": null,
    "orderDate": null,
    "orderLines": [],
    "shipment": null,
    "status": null,
    "type": null,
    "price": 0,
    "vat": 0,
    "priceAfterVat": 0,
    "createdAt": null,
    "updatedAt": null
}
