[
  {
    "property": "deliveryOptions.shipmentOptions.largeFormat",
    "pointer": "/deliveryOptions/shipmentOptions/largeFormat",
    "message": "Does not have a value in the enumeration [true]",
    "constraint": "enum",
    "context": 1,
    "enum": [true]
  },
  {
    "property": "physicalProperties.weight",
    "pointer": "/physicalProperties/weight",
    "message": "Must have a maximum value of 23000",
    "constraint": "maximum",
    "context": 1,
    "maximum": 23000
  },
  {
    "property": "",
    "pointer": "",
    "message": "Failed to match at least one schema",
    "constraint": "anyOf",
    "context": 1
  },
  {
    "property": "",
    "pointer": "",
    "message": "Failed to match all schemas",
    "constraint": "allOf",
    "context": 1
  }
]
