{
  "language": "nl",
  "lines": [],
  "notes": [],
  "shipment": {
    "carrier": 1,
    "options": {
      "ageCheck": false,
      "deliveryType": 2,
      "hideSender": false,
      "insurance": 0,
      "labelDescription": "",
      "largeFormat": false,
      "onlyRecipient": false,
      "packageType": 1,
      "return": false,
      "sameDayDelivery": false,
      "signature": false
    },
    "recipient": [],
    "physicalProperties": {
      "height": 0,
      "length": 0,
      "width": 0,
      "weight": 0
    }
  },
  "price": 0,
  "vat": 0,
  "priceAfterVat": 0
}
