{
    "uuid": null,
    "externalIdentifier": null,
    "fulfilmentPartnerIdentifier": null,
    "shopId": null,
    "accountId": null,
    "invoiceAddress": null,
    "language": "nl",
    "orderDate": null,
    "orderLines": [],
    "shipment": {
        "carrier": null,
        "contractId": null,
        "customsDeclaration": {
            "contents": 1,
            "invoice": null,
            "items": [],
            "weight": 0
        },
        "options": null,
        "pickup": null,
        "recipient": {
            "boxNumber": null,
            "cc": null,
            "city": null,
            "fullStreet": null,
            "number": null,
            "numberSuffix": null,
            "postalCode": null,
            "region": null,
            "state": null,
            "street": null,
            "streetAdditionalInfo": null,
            "email": null,
            "phone": null,
            "person": null,
            "company": null
        }
    },
    "status": null,
    "type": null,
    "price": 0,
    "vat": 0,
    "priceAfterVat": 0,
    "createdAt": null,
    "updatedAt": null
}
