[
  {
    "exported": false,
    "deliveryOptions": {
      "carrier": {
        "externalIdentifier": "postnl"
      },
      "labelAmount": 1,
      "shipmentOptions": {
        "insurance": -1,
        "ageCheck": -1,
        "hideSender": -1,
        "largeFormat": -1,
        "onlyRecipient": -1,
        "return": -1,
        "sameDayDelivery": -1,
        "signature": 1,
        "tracked": -1
      },
      "deliveryType": "standard",
      "packageType": "package"
    },
    "physicalProperties": []
  }
]
