{
  "name": "myparcel-belgie",
  "human": "MyParcel Belgi\u00eb",
  "backofficeUrl": "https://backoffice.myparcel.nl",
  "supportUrl": "https://developer.myparcel.nl",
  "localCountry": "BE",
  "defaultCarrier": "BPOST",
  "defaultCarrierId": 2,
  "defaultSettings": [],
  "carriers": [
    {
      "externalIdentifier": "POSTNL",
      "id": 1,
      "name": "POSTNL",
      "human": null,
      "contractId": null,
      "enabled": true,
      "isDefault": true,
      "label": null,
      "optional": false,
      "primary": false,
      "type": "main",
      "inboundFeatures": {
        "packageTypes": null,
        "deliveryTypes": null,
        "shipmentOptions": null,
        "metadata": null
      },
      "outboundFeatures": {
        "packageTypes": ["PACKAGE"],
        "deliveryTypes": ["STANDARD_DELIVERY", "PICKUP_DELIVERY"],
        "shipmentOptions": ["SIGNATURE", "ONLY_RECIPIENT", "LARGE_FORMAT", "INSURANCE"],
        "metadata": {
          "labelDescriptionLength": 45,
          "multiCollo": true,
          "insuranceOptions": [
            0, 10000, 25000, 50000, 100000, 150000, 200000, 250000, 300000, 350000, 400000, 450000, 500000
          ]
        }
      },
      "capabilities": null,
      "returnCapabilities": null
    },
    {
      "externalIdentifier": "BPOST",
      "id": 2,
      "name": "BPOST",
      "human": null,
      "contractId": null,
      "enabled": true,
      "isDefault": true,
      "label": null,
      "optional": false,
      "primary": false,
      "type": "main",
      "inboundFeatures": {
        "packageTypes": null,
        "deliveryTypes": null,
        "shipmentOptions": null,
        "metadata": null
      },
      "outboundFeatures": {
        "packageTypes": ["PACKAGE", "MAILBOX"],
        "deliveryTypes": ["STANDARD_DELIVERY", "PICKUP_DELIVERY"],
        "shipmentOptions": ["SATURDAY_DELIVERY", "SIGNATURE", "INSURANCE"],
        "metadata": {
          "labelDescriptionLength": 45,
          "multiCollo": true,
          "insuranceOptions": [0, 50000, 250000, 500000]
        }
      },
      "capabilities": null,
      "returnCapabilities": null
    },
    {
      "externalIdentifier": "DPD",
      "id": 4,
      "name": "DPD",
      "human": null,
      "contractId": null,
      "enabled": true,
      "isDefault": true,
      "label": null,
      "optional": false,
      "primary": false,
      "type": "main",
      "inboundFeatures": {
        "packageTypes": null,
        "deliveryTypes": null,
        "shipmentOptions": null,
        "metadata": null
      },
      "outboundFeatures": {
        "packageTypes": ["PACKAGE"],
        "deliveryTypes": ["STANDARD_DELIVERY", "PICKUP_DELIVERY"],
        "shipmentOptions": ["INSURANCE"],
        "metadata": {
          "labelDescriptionLength": 45,
          "multiCollo": true,
          "needsCustomerInfo": true,
          "dropOffAtPostalPoint": true,
          "insuranceOptions": [52000]
        }
      },
      "capabilities": null,
      "returnCapabilities": null
    }
  ]
}
