name: flespakket
human: Flespakket
backofficeUrl: 'https://backoffice.flespakket.nl'
localCountry: NL
defaultCarrier: postnl
defaultCarrierId: 1
