{
  "name": "myparcel",
  "human": "MyParcel",
  "backofficeUrl": "https://backoffice.myparcel.nl",
  "supportUrl": "https://developer.myparcel.nl/contact",
  "localCountry": "NL",
  "defaultCarrier": "postnl",
  "defaultCarrierId": 1,
  "defaultSettings": {
    "checkout": {
      "pickupLocationsDefaultView": "list"
    }
  },
  "carriers": [
    {
      "name": "postnl",
      "capabilities": {
        "packageTypes": ["package", "mailbox", "letter", "digital_stamp", "package_small"],
        "deliveryTypes": ["morning", "standard", "evening", "pickup"],
        "shipmentOptions": {
          "ageCheck": true,
          "largeFormat": true,
          "onlyRecipient": true,
          "return": true,
          "sameDayDelivery": false,
          "signature": true,
          "receiptCode": true,
          "collect": false,
          "tracked": true,
          "insurance": [0, 10000, 25000, 50000, 100000, 150000, 200000, 250000, 300000, 350000, 400000, 450000, 500000]
        },
        "features": {
          "labelDescriptionLength": 45,
          "carrierSmallPackageContract": "featureCustomContractOnly",
          "multiCollo": true
        }
      },
      "returnCapabilities": {
        "packageTypes": ["package"],
        "deliveryTypes": ["standard"],
        "shipmentOptions": {
          "signature": true,
          "insurance": [0, 10000, 25000, 50000, 100000, 150000, 200000, 250000, 300000, 350000, 400000, 450000, 500000],
          "return": true,
          "ageCheck": true,
          "onlyRecipient": true,
          "sameDayDelivery": false,
          "largeFormat": true,
          "collect": false
        },
        "features": {
          "labelDescriptionLength": 45
        }
      }
    },
    {
      "name": "dhlforyou",
      "capabilities": {
        "packageTypes": ["package", "mailbox", "package_small"],
        "deliveryTypes": ["standard", "pickup"],
        "shipmentOptions": {
          "ageCheck": true,
          "largeFormat": false,
          "onlyRecipient": true,
          "return": false,
          "sameDayDelivery": true,
          "signature": true,
          "saturdayDelivery": true,
          "hideSender": true,
          "collect": false,
          "insurance": [0, 50000, 100000, 150000, 200000, 250000, 300000, 350000, 400000, 450000, 500000]
        },
        "features": {
          "labelDescriptionLength": 45
        }
      },
      "returnCapabilities": {
        "packageTypes": ["package"],
        "deliveryTypes": ["standard"],
        "shipmentOptions": {
          "signature": true,
          "insurance": [0],
          "return": true,
          "ageCheck": true,
          "onlyRecipient": true,
          "sameDayDelivery": true,
          "largeFormat": true,
          "collect": false
        },
        "features": {
          "labelDescriptionLength": 45
        }
      }
    },
    {
      "name": "dhlparcelconnect",
      "capabilities": {
        "packageTypes": ["package"],
        "deliveryTypes": ["standard", "pickup"],
        "shipmentOptions": {
          "ageCheck": false,
          "onlyRecipient": false,
          "return": false,
          "sameDayDelivery": false,
          "signature": true,
          "saturdayDelivery": false,
          "hideSender": false,
          "collect": false,
          "insurance": [0, 50000, 100000, 150000, 200000, 250000, 300000, 350000, 400000, 450000, 500000]
        },
        "features": {
          "labelDescriptionLength": 45
        }
      },
      "returnCapabilities": {
        "packageTypes": ["package"],
        "deliveryTypes": ["standard"],
        "shipmentOptions": {
          "signature": false,
          "insurance": [50000],
          "return": false,
          "ageCheck": false,
          "onlyRecipient": false,
          "sameDayDelivery": false,
          "largeFormat": false,
          "collect": false
        },
        "features": {
          "labelDescriptionLength": 45
        }
      }
    },
    {
      "name": "dhleuroplus",
      "capabilities": {
        "packageTypes": ["package"],
        "deliveryTypes": ["standard"],
        "shipmentOptions": {
          "ageCheck": false,
          "onlyRecipient": false,
          "return": false,
          "sameDayDelivery": false,
          "signature": true,
          "saturdayDelivery": true,
          "hideSender": true,
          "insurance": [0, 50000, 100000, 150000, 200000, 250000, 300000, 350000, 400000, 450000, 500000]
        },
        "features": {
          "labelDescriptionLength": 45
        }
      }
    },
    {
      "name": "upsstandard",
      "capabilities": {
        "packageTypes": ["package"],
        "deliveryTypes": ["standard", "pickup"],
        "shipmentOptions": {
          "ageCheck": true,
          "onlyRecipient": true,
          "return": true,
          "signature": true,
          "collect": true,
          "insurance": [10000, 25000, 50000, 100000, 150000, 200000, 250000, 300000, 350000, 400000, 450000, 500000]
        },
        "features": {
          "labelDescriptionLength": 45
        }
      }
    },
    {
      "name": "upsexpresssaver",
      "capabilities": {
        "packageTypes": ["package"],
        "deliveryTypes": ["express", "pickup"],
        "shipmentOptions": {
          "ageCheck": true,
          "onlyRecipient": true,
          "return": true,
          "signature": true,
          "collect": true,
          "insurance": [10000, 25000, 50000, 100000, 150000, 200000, 250000, 300000, 350000, 400000, 450000, 500000]
        },
        "features": {
          "labelDescriptionLength": 45
        }
      }
    },
    {
      "name": "dpd",
      "capabilities": {
        "packageTypes": ["package", "mailbox"],
        "deliveryTypes": ["standard", "pickup"],
        "shipmentOptions": {
          "ageCheck": false,
          "onlyRecipient": false,
          "return": false,
          "collect": false
        },
        "features": {
          "labelDescriptionLength": 45,
          "needsCustomerInfo": true
        }
      }
    },
    {
      "name": "gls",
      "capabilities": {
        "packageTypes": ["package"],
        "deliveryTypes": ["standard", "pickup"],
        "shipmentOptions": {
          "signature": true,
          "saturdayDelivery": true,
          "insurance": [10000]
        },
        "features": {
          "labelDescriptionLength": 45,
          "carrier": "featureCustomContractOnly"
        }
      }
    }
  ]
}
