[
    {
        "uuid": "123",
        "externalIdentifier": null,
        "fulfilmentPartnerIdentifier": null,
        "shopId": null,
        "accountId": null,
        "invoiceAddress": null,
        "language": null,
        "orderDate": "2022-08-22 00:00:00",
        "orderLines": [
            {
                "uuid": "1234",
                "quantity": 1,
                "price": 250,
                "vat": 10,
                "priceAfterVat": 260,
                "product": {
                    "uuid": "12345",
                    "sku": "018234",
                    "ean": "018234",
                    "externalIdentifier": "018234",
                    "name": "Paarse stofzuiger",
                    "description": "Een paars object waarmee stof opgezogen kan worden",
                    "width": 0,
                    "length": 0,
                    "height": 0,
                    "weight": 3500
                }
            }
        ],
        "shipment": {
            "carrier": 1,
            "contractId": null,
            "customsDeclaration": {
                "contents": 1,
                "invoice": null,
                "items": [],
                "weight": 0
            },
            "options": null,
            "pickup": null,
            "recipient": {
                "boxNumber": null,
                "cc": "NL",
                "city": "Hoofddorp",
                "fullStreet": null,
                "number": null,
                "numberSuffix": null,
                "postalCode": "2132JE",
                "region": null,
                "state": null,
                "street": "Antareslaan 31",
                "streetAdditionalInfo": null,
                "email": null,
                "phone": null,
                "person": "Jaap Krekel",
                "company": null
            }
        },
        "status": null,
        "type": null,
        "price": 260,
        "vat": 0,
        "priceAfterVat": 0,
        "createdAt": null,
        "updatedAt": null
    }
]
