[
    {
        "note": "This is a note",
        "author": "customer"
    }
]
