{
  "uuid": null,
  "sku": null,
  "ean": null,
  "externalIdentifier": null,
  "name": null,
  "description": null,
  "width": 0,
  "length": 0,
  "height": 0,
  "weight": 0
}
