<div id="__ID__" data-pdk-context="{&quot;orderData&quot;:[{&quot;externalIdentifier&quot;:&quot;P00924872&quot;,&quot;customsDeclaration&quot;:{&quot;contents&quot;:1,&quot;invoice&quot;:null,&quot;items&quot;:[],&quot;weight&quot;:0},&quot;deliveryOptions&quot;:{&quot;carrier&quot;:&quot;postnl&quot;,&quot;date&quot;:null,&quot;deliveryType&quot;:&quot;standard&quot;,&quot;labelAmount&quot;:1,&quot;packageType&quot;:&quot;package&quot;,&quot;pickupLocation&quot;:null,&quot;shipmentOptions&quot;:{&quot;ageCheck&quot;:null,&quot;insurance&quot;:null,&quot;labelDescription&quot;:null,&quot;largeFormat&quot;:null,&quot;onlyRecipient&quot;:null,&quot;return&quot;:null,&quot;sameDayDelivery&quot;:null,&quot;signature&quot;:null}},&quot;lines&quot;:[],&quot;physicalProperties&quot;:{&quot;height&quot;:null,&quot;length&quot;:null,&quot;weight&quot;:null,&quot;width&quot;:null},&quot;recipient&quot;:null,&quot;sender&quot;:null,&quot;shipmentPrice&quot;:null,&quot;shipmentVat&quot;:null,&quot;shipments&quot;:[],&quot;label&quot;:null,&quot;orderPrice&quot;:0,&quot;orderVat&quot;:0,&quot;orderPriceAfterVat&quot;:0,&quot;shipmentPriceAfterVat&quot;:0,&quot;totalPrice&quot;:0,&quot;totalVat&quot;:0,&quot;totalPriceAfterVat&quot;:0}]}"></div>
<script id="__ID__-script">
(() => {
  var e = 'myparcel_pdk_loaded';
  var listener = function(event) {
    event.detail.render('OrderCard', '__ID__');
    document.getElementById('__ID__-script').remove();
    document.removeEventListener(e, listener);
  };

  document.addEventListener(e, listener);
})();
</script>
