{
  "id": "product",
  "title": "settings_view_product_title",
  "titleSuffix": null,
  "description": "settings_view_product_description",
  "elements": [
    {
      "$component": "SettingsDivider",
      "$wrapper": false,
      "content": "settings_product_myparcel_options_description",
      "heading": "settings_product_myparcel_options_title",
      "level": 2
    },
    {
      "name": "packageType",
      "$component": "SelectInput",
      "options": [
        {
          "value": -1,
          "label": "settings_default"
        },
        {
          "value": "package",
          "label": "package_type_package"
        },
        {
          "value": "mailbox",
          "label": "package_type_mailbox"
        },
        {
          "value": "letter",
          "label": "package_type_letter"
        },
        {
          "value": "digital_stamp",
          "label": "package_type_digital_stamp"
        },
        {
          "value": "package_small",
          "label": "package_type_package_small"
        }
      ],
      "label": "settings_product_package_type",
      "description": "settings_product_package_type_description"
    },
    {
      "name": "fitInMailbox",
      "$component": "NumberInput",
      "min": -1,
      "label": "settings_product_fit_in_mailbox",
      "description": "settings_product_fit_in_mailbox_description"
    },
    {
      "$component": "SettingsDivider",
      "$wrapper": false,
      "content": "settings_product_delivery_options_description",
      "heading": "settings_product_delivery_options_title",
      "level": 2
    },
    {
      "name": "dropOffDelay",
      "$component": "NumberInput",
      "$attributes": {
        "min": -1,
        "max": 14
      },
      "label": "settings_product_drop_off_delay",
      "description": "settings_product_drop_off_delay_description"
    },
    {
      "name": "disableDeliveryOptions",
      "$component": "ToggleInput",
      "label": "settings_product_disable_delivery_options",
      "description": "settings_product_disable_delivery_options_description"
    },
    {
      "$component": "SettingsDivider",
      "$wrapper": false,
      "content": "settings_product_customs_options_description",
      "heading": "settings_product_customs_options_title",
      "level": 2
    },
    {
      "name": "countryOfOrigin",
      "$component": "SelectInput",
      "options": [
        {
          "value": -1,
          "label": "settings_none"
        },
        {
          "value": "AD",
          "label": "country_ad"
        },
        {
          "value": "AE",
          "label": "country_ae"
        },
        {
          "value": "AF",
          "label": "country_af"
        },
        {
          "value": "AG",
          "label": "country_ag"
        },
        {
          "value": "AI",
          "label": "country_ai"
        },
        {
          "value": "AL",
          "label": "country_al"
        },
        {
          "value": "AM",
          "label": "country_am"
        },
        {
          "value": "AN",
          "label": "country_an"
        },
        {
          "value": "AO",
          "label": "country_ao"
        },
        {
          "value": "AQ",
          "label": "country_aq"
        },
        {
          "value": "AR",
          "label": "country_ar"
        },
        {
          "value": "AS",
          "label": "country_as"
        },
        {
          "value": "AT",
          "label": "country_at"
        },
        {
          "value": "AU",
          "label": "country_au"
        },
        {
          "value": "AW",
          "label": "country_aw"
        },
        {
          "value": "AX",
          "label": "country_ax"
        },
        {
          "value": "AZ",
          "label": "country_az"
        },
        {
          "value": "BA",
          "label": "country_ba"
        },
        {
          "value": "BB",
          "label": "country_bb"
        },
        {
          "value": "BD",
          "label": "country_bd"
        },
        {
          "value": "BE",
          "label": "country_be"
        },
        {
          "value": "BF",
          "label": "country_bf"
        },
        {
          "value": "BG",
          "label": "country_bg"
        },
        {
          "value": "BH",
          "label": "country_bh"
        },
        {
          "value": "BI",
          "label": "country_bi"
        },
        {
          "value": "BJ",
          "label": "country_bj"
        },
        {
          "value": "BL",
          "label": "country_bl"
        },
        {
          "value": "BM",
          "label": "country_bm"
        },
        {
          "value": "BN",
          "label": "country_bn"
        },
        {
          "value": "BO",
          "label": "country_bo"
        },
        {
          "value": "BQ",
          "label": "country_bq"
        },
        {
          "value": "BR",
          "label": "country_br"
        },
        {
          "value": "BS",
          "label": "country_bs"
        },
        {
          "value": "BT",
          "label": "country_bt"
        },
        {
          "value": "BV",
          "label": "country_bv"
        },
        {
          "value": "BW",
          "label": "country_bw"
        },
        {
          "value": "BY",
          "label": "country_by"
        },
        {
          "value": "BZ",
          "label": "country_bz"
        },
        {
          "value": "CA",
          "label": "country_ca"
        },
        {
          "value": "CC",
          "label": "country_cc"
        },
        {
          "value": "CD",
          "label": "country_cd"
        },
        {
          "value": "CF",
          "label": "country_cf"
        },
        {
          "value": "CG",
          "label": "country_cg"
        },
        {
          "value": "CH",
          "label": "country_ch"
        },
        {
          "value": "CI",
          "label": "country_ci"
        },
        {
          "value": "CK",
          "label": "country_ck"
        },
        {
          "value": "CL",
          "label": "country_cl"
        },
        {
          "value": "CM",
          "label": "country_cm"
        },
        {
          "value": "CN",
          "label": "country_cn"
        },
        {
          "value": "CO",
          "label": "country_co"
        },
        {
          "value": "CR",
          "label": "country_cr"
        },
        {
          "value": "CU",
          "label": "country_cu"
        },
        {
          "value": "CV",
          "label": "country_cv"
        },
        {
          "value": "CW",
          "label": "country_cw"
        },
        {
          "value": "CX",
          "label": "country_cx"
        },
        {
          "value": "CY",
          "label": "country_cy"
        },
        {
          "value": "CZ",
          "label": "country_cz"
        },
        {
          "value": "DE",
          "label": "country_de"
        },
        {
          "value": "DJ",
          "label": "country_dj"
        },
        {
          "value": "DK",
          "label": "country_dk"
        },
        {
          "value": "DM",
          "label": "country_dm"
        },
        {
          "value": "DO",
          "label": "country_do"
        },
        {
          "value": "DZ",
          "label": "country_dz"
        },
        {
          "value": "EC",
          "label": "country_ec"
        },
        {
          "value": "EE",
          "label": "country_ee"
        },
        {
          "value": "EG",
          "label": "country_eg"
        },
        {
          "value": "EH",
          "label": "country_eh"
        },
        {
          "value": "ER",
          "label": "country_er"
        },
        {
          "value": "ES",
          "label": "country_es"
        },
        {
          "value": "ET",
          "label": "country_et"
        },
        {
          "value": "FI",
          "label": "country_fi"
        },
        {
          "value": "FJ",
          "label": "country_fj"
        },
        {
          "value": "FK",
          "label": "country_fk"
        },
        {
          "value": "FM",
          "label": "country_fm"
        },
        {
          "value": "FO",
          "label": "country_fo"
        },
        {
          "value": "FR",
          "label": "country_fr"
        },
        {
          "value": "GA",
          "label": "country_ga"
        },
        {
          "value": "GB",
          "label": "country_gb"
        },
        {
          "value": "GD",
          "label": "country_gd"
        },
        {
          "value": "GE",
          "label": "country_ge"
        },
        {
          "value": "GF",
          "label": "country_gf"
        },
        {
          "value": "GG",
          "label": "country_gg"
        },
        {
          "value": "GH",
          "label": "country_gh"
        },
        {
          "value": "GI",
          "label": "country_gi"
        },
        {
          "value": "GL",
          "label": "country_gl"
        },
        {
          "value": "GM",
          "label": "country_gm"
        },
        {
          "value": "GN",
          "label": "country_gn"
        },
        {
          "value": "GP",
          "label": "country_gp"
        },
        {
          "value": "GQ",
          "label": "country_gq"
        },
        {
          "value": "GR",
          "label": "country_gr"
        },
        {
          "value": "GS",
          "label": "country_gs"
        },
        {
          "value": "GT",
          "label": "country_gt"
        },
        {
          "value": "GU",
          "label": "country_gu"
        },
        {
          "value": "GW",
          "label": "country_gw"
        },
        {
          "value": "GY",
          "label": "country_gy"
        },
        {
          "value": "HK",
          "label": "country_hk"
        },
        {
          "value": "HM",
          "label": "country_hm"
        },
        {
          "value": "HN",
          "label": "country_hn"
        },
        {
          "value": "HR",
          "label": "country_hr"
        },
        {
          "value": "HT",
          "label": "country_ht"
        },
        {
          "value": "HU",
          "label": "country_hu"
        },
        {
          "value": "ID",
          "label": "country_id"
        },
        {
          "value": "IE",
          "label": "country_ie"
        },
        {
          "value": "IL",
          "label": "country_il"
        },
        {
          "value": "IM",
          "label": "country_im"
        },
        {
          "value": "IN",
          "label": "country_in"
        },
        {
          "value": "IO",
          "label": "country_io"
        },
        {
          "value": "IQ",
          "label": "country_iq"
        },
        {
          "value": "IR",
          "label": "country_ir"
        },
        {
          "value": "IS",
          "label": "country_is"
        },
        {
          "value": "IT",
          "label": "country_it"
        },
        {
          "value": "JE",
          "label": "country_je"
        },
        {
          "value": "JM",
          "label": "country_jm"
        },
        {
          "value": "JO",
          "label": "country_jo"
        },
        {
          "value": "JP",
          "label": "country_jp"
        },
        {
          "value": "KE",
          "label": "country_ke"
        },
        {
          "value": "KG",
          "label": "country_kg"
        },
        {
          "value": "KH",
          "label": "country_kh"
        },
        {
          "value": "KI",
          "label": "country_ki"
        },
        {
          "value": "KM",
          "label": "country_km"
        },
        {
          "value": "KN",
          "label": "country_kn"
        },
        {
          "value": "KP",
          "label": "country_kp"
        },
        {
          "value": "KR",
          "label": "country_kr"
        },
        {
          "value": "KW",
          "label": "country_kw"
        },
        {
          "value": "KY",
          "label": "country_ky"
        },
        {
          "value": "KZ",
          "label": "country_kz"
        },
        {
          "value": "LA",
          "label": "country_la"
        },
        {
          "value": "LB",
          "label": "country_lb"
        },
        {
          "value": "LC",
          "label": "country_lc"
        },
        {
          "value": "LI",
          "label": "country_li"
        },
        {
          "value": "LK",
          "label": "country_lk"
        },
        {
          "value": "LR",
          "label": "country_lr"
        },
        {
          "value": "LS",
          "label": "country_ls"
        },
        {
          "value": "LT",
          "label": "country_lt"
        },
        {
          "value": "LU",
          "label": "country_lu"
        },
        {
          "value": "LV",
          "label": "country_lv"
        },
        {
          "value": "LY",
          "label": "country_ly"
        },
        {
          "value": "MA",
          "label": "country_ma"
        },
        {
          "value": "MC",
          "label": "country_mc"
        },
        {
          "value": "MD",
          "label": "country_md"
        },
        {
          "value": "ME",
          "label": "country_me"
        },
        {
          "value": "MF",
          "label": "country_mf"
        },
        {
          "value": "MG",
          "label": "country_mg"
        },
        {
          "value": "MH",
          "label": "country_mh"
        },
        {
          "value": "MK",
          "label": "country_mk"
        },
        {
          "value": "ML",
          "label": "country_ml"
        },
        {
          "value": "MM",
          "label": "country_mm"
        },
        {
          "value": "MN",
          "label": "country_mn"
        },
        {
          "value": "MO",
          "label": "country_mo"
        },
        {
          "value": "MP",
          "label": "country_mp"
        },
        {
          "value": "MQ",
          "label": "country_mq"
        },
        {
          "value": "MR",
          "label": "country_mr"
        },
        {
          "value": "MS",
          "label": "country_ms"
        },
        {
          "value": "MT",
          "label": "country_mt"
        },
        {
          "value": "MU",
          "label": "country_mu"
        },
        {
          "value": "MV",
          "label": "country_mv"
        },
        {
          "value": "MW",
          "label": "country_mw"
        },
        {
          "value": "MX",
          "label": "country_mx"
        },
        {
          "value": "MY",
          "label": "country_my"
        },
        {
          "value": "MZ",
          "label": "country_mz"
        },
        {
          "value": "NA",
          "label": "country_na"
        },
        {
          "value": "NC",
          "label": "country_nc"
        },
        {
          "value": "NE",
          "label": "country_ne"
        },
        {
          "value": "NF",
          "label": "country_nf"
        },
        {
          "value": "NG",
          "label": "country_ng"
        },
        {
          "value": "NI",
          "label": "country_ni"
        },
        {
          "value": "NL",
          "label": "country_nl"
        },
        {
          "value": "NO",
          "label": "country_no"
        },
        {
          "value": "NP",
          "label": "country_np"
        },
        {
          "value": "NR",
          "label": "country_nr"
        },
        {
          "value": "NU",
          "label": "country_nu"
        },
        {
          "value": "NZ",
          "label": "country_nz"
        },
        {
          "value": "OM",
          "label": "country_om"
        },
        {
          "value": "PA",
          "label": "country_pa"
        },
        {
          "value": "PE",
          "label": "country_pe"
        },
        {
          "value": "PF",
          "label": "country_pf"
        },
        {
          "value": "PG",
          "label": "country_pg"
        },
        {
          "value": "PH",
          "label": "country_ph"
        },
        {
          "value": "PK",
          "label": "country_pk"
        },
        {
          "value": "PL",
          "label": "country_pl"
        },
        {
          "value": "PM",
          "label": "country_pm"
        },
        {
          "value": "PN",
          "label": "country_pn"
        },
        {
          "value": "PR",
          "label": "country_pr"
        },
        {
          "value": "PS",
          "label": "country_ps"
        },
        {
          "value": "PT",
          "label": "country_pt"
        },
        {
          "value": "PW",
          "label": "country_pw"
        },
        {
          "value": "PY",
          "label": "country_py"
        },
        {
          "value": "QA",
          "label": "country_qa"
        },
        {
          "value": "RE",
          "label": "country_re"
        },
        {
          "value": "RO",
          "label": "country_ro"
        },
        {
          "value": "RS",
          "label": "country_rs"
        },
        {
          "value": "RU",
          "label": "country_ru"
        },
        {
          "value": "RW",
          "label": "country_rw"
        },
        {
          "value": "SA",
          "label": "country_sa"
        },
        {
          "value": "SB",
          "label": "country_sb"
        },
        {
          "value": "SC",
          "label": "country_sc"
        },
        {
          "value": "SD",
          "label": "country_sd"
        },
        {
          "value": "SE",
          "label": "country_se"
        },
        {
          "value": "SG",
          "label": "country_sg"
        },
        {
          "value": "SH",
          "label": "country_sh"
        },
        {
          "value": "SI",
          "label": "country_si"
        },
        {
          "value": "SJ",
          "label": "country_sj"
        },
        {
          "value": "SK",
          "label": "country_sk"
        },
        {
          "value": "SL",
          "label": "country_sl"
        },
        {
          "value": "SM",
          "label": "country_sm"
        },
        {
          "value": "SN",
          "label": "country_sn"
        },
        {
          "value": "SO",
          "label": "country_so"
        },
        {
          "value": "SR",
          "label": "country_sr"
        },
        {
          "value": "SS",
          "label": "country_ss"
        },
        {
          "value": "ST",
          "label": "country_st"
        },
        {
          "value": "SV",
          "label": "country_sv"
        },
        {
          "value": "SX",
          "label": "country_sx"
        },
        {
          "value": "SY",
          "label": "country_sy"
        },
        {
          "value": "SZ",
          "label": "country_sz"
        },
        {
          "value": "TC",
          "label": "country_tc"
        },
        {
          "value": "TD",
          "label": "country_td"
        },
        {
          "value": "TF",
          "label": "country_tf"
        },
        {
          "value": "TG",
          "label": "country_tg"
        },
        {
          "value": "TH",
          "label": "country_th"
        },
        {
          "value": "TJ",
          "label": "country_tj"
        },
        {
          "value": "TK",
          "label": "country_tk"
        },
        {
          "value": "TL",
          "label": "country_tl"
        },
        {
          "value": "TM",
          "label": "country_tm"
        },
        {
          "value": "TN",
          "label": "country_tn"
        },
        {
          "value": "TO",
          "label": "country_to"
        },
        {
          "value": "TR",
          "label": "country_tr"
        },
        {
          "value": "TT",
          "label": "country_tt"
        },
        {
          "value": "TV",
          "label": "country_tv"
        },
        {
          "value": "TW",
          "label": "country_tw"
        },
        {
          "value": "TZ",
          "label": "country_tz"
        },
        {
          "value": "UA",
          "label": "country_ua"
        },
        {
          "value": "UG",
          "label": "country_ug"
        },
        {
          "value": "UM",
          "label": "country_um"
        },
        {
          "value": "US",
          "label": "country_us"
        },
        {
          "value": "UY",
          "label": "country_uy"
        },
        {
          "value": "UZ",
          "label": "country_uz"
        },
        {
          "value": "VA",
          "label": "country_va"
        },
        {
          "value": "VC",
          "label": "country_vc"
        },
        {
          "value": "VE",
          "label": "country_ve"
        },
        {
          "value": "VG",
          "label": "country_vg"
        },
        {
          "value": "VI",
          "label": "country_vi"
        },
        {
          "value": "VN",
          "label": "country_vn"
        },
        {
          "value": "VU",
          "label": "country_vu"
        },
        {
          "value": "WF",
          "label": "country_wf"
        },
        {
          "value": "WS",
          "label": "country_ws"
        },
        {
          "value": "XK",
          "label": "country_xk"
        },
        {
          "value": "YE",
          "label": "country_ye"
        },
        {
          "value": "YT",
          "label": "country_yt"
        },
        {
          "value": "ZA",
          "label": "country_za"
        },
        {
          "value": "ZM",
          "label": "country_zm"
        },
        {
          "value": "ZW",
          "label": "country_zw"
        }
      ],
      "label": "settings_product_country_of_origin",
      "description": "settings_product_country_of_origin_description"
    },
    {
      "name": "customsCode",
      "$component": "TextInput",
      "$attributes": {
        "maxlength": 10
      },
      "label": "settings_product_customs_code",
      "description": "settings_product_customs_code_description"
    },
    {
      "$component": "SettingsDivider",
      "$wrapper": false,
      "content": "settings_product_export_options_description",
      "heading": "settings_product_export_options_title",
      "level": 2
    },
    {
      "name": "exportAgeCheck",
      "$component": "TriStateInput",
      "label": "settings_product_export_age_check",
      "description": "settings_product_export_age_check_description"
    },
    {
      "name": "exportInsurance",
      "$component": "TriStateInput",
      "label": "settings_product_export_insurance",
      "description": "settings_product_export_insurance_description"
    },
    {
      "name": "exportLargeFormat",
      "$component": "TriStateInput",
      "label": "settings_product_export_large_format",
      "description": "settings_product_export_large_format_description"
    },
    {
      "name": "exportOnlyRecipient",
      "$component": "TriStateInput",
      "label": "settings_product_export_only_recipient",
      "description": "settings_product_export_only_recipient_description"
    },
    {
      "name": "exportSignature",
      "$component": "TriStateInput",
      "label": "settings_product_export_signature",
      "description": "settings_product_export_signature_description"
    },
    {
      "name": "exportReturn",
      "$component": "TriStateInput",
      "label": "settings_product_export_return",
      "description": "settings_product_export_return_description"
    }
  ],
  "children": null
}
