{
    "id": "direct_print",
    "title": "settings_direct_print_title",
    "description": "settings_direct_print_description",
    "elements": [],
    "children": null
}
