{
    "carrier": 1,
    "contractId": null,
    "customsDeclaration": null,
    "options": {
        "ageCheck": true,
        "collect": null,
        "cooledDelivery": null,
        "deliveryDate": null,
        "deliveryType": 2,
        "hideSender": true,
        "insurance": -1,
        "labelDescription": "",
        "largeFormat": true,
        "onlyRecipient": true,
        "packageType": 1,
        "return": true,
        "sameDayDelivery": true,
        "saturdayDelivery": null,
        "signature": true
    },
    "pickup": null,
    "recipient": {
        "address1": null,
        "address2": null,
        "area": null,
        "cc": null,
        "city": null,
        "postalCode": null,
        "region": null,
        "state": null,
        "email": null,
        "phone": null,
        "person": null,
        "company": null
    },
    "physicalProperties": {
        "height": 0,
        "length": 0,
        "weight": 0,
        "width": 0
    },
    "dropOffPoint": null
}
