{
    "data": {
        "product_settings": {
            "id": "product",
            "countryOfOrigin": "DE",
            "customsCode": "388",
            "disableDeliveryOptions": true,
            "dropOffDelay": 2,
            "exportAgeCheck": 1,
            "exportHideSender": -1,
            "exportInsurance": 1,
            "exportLargeFormat": 1,
            "exportOnlyRecipient": 1,
            "exportReturn": 1,
            "exportSignature": 1,
            "fitInMailbox": 10,
            "fitInDigitalStamp": 0,
            "packageType": "mailbox"
        }
    }
}
