{
  "0.property": "deliveryOptions.deliveryType",
  "0.pointer": "/deliveryOptions/deliveryType",
  "0.message": "Does not have a value in the enumeration [\"standard\",null]",
  "0.constraint": "enum",
  "0.context": 1,
  "0.enum.0": "standard",
  "0.enum.1": null
}
