{
    "0.property": "deliveryOptions.shipmentOptions.onlyRecipient",
    "0.pointer": "\/deliveryOptions\/shipmentOptions\/onlyRecipient",
    "0.message": "Does not have a value in the enumeration [1]",
    "0.constraint": "enum",
    "0.context": 1,
    "0.enum.0": 1,
    "1.property": "deliveryOptions.shipmentOptions.signature",
    "1.pointer": "\/deliveryOptions\/shipmentOptions\/signature",
    "1.message": "Does not have a value in the enumeration [1]",
    "1.constraint": "enum",
    "1.context": 1,
    "1.enum.0": 1,
    "2.property": "deliveryOptions.shipmentOptions.ageCheck",
    "2.pointer": "\/deliveryOptions\/shipmentOptions\/ageCheck",
    "2.message": "Does not have a value in the enumeration [0]",
    "2.constraint": "enum",
    "2.context": 1,
    "2.enum.0": 0,
    "3.property": "",
    "3.pointer": "",
    "3.message": "Failed to match at least one schema",
    "3.constraint": "anyOf",
    "3.context": 1,
    "4.property": "",
    "4.pointer": "",
    "4.message": "Failed to match all schemas",
    "4.constraint": "allOf",
    "4.context": 1,
    "5.property": "deliveryOptions.shipmentOptions.hideSender",
    "5.pointer": "\/deliveryOptions\/shipmentOptions\/hideSender",
    "5.message": "Does not have a value in the enumeration [0,1]",
    "5.constraint": "enum",
    "5.context": 1,
    "5.enum.0": 0,
    "5.enum.1": 1,
    "6.property": "deliveryOptions.shipmentOptions.insurance",
    "6.pointer": "\/deliveryOptions\/shipmentOptions\/insurance",
    "6.message": "Does not have a value in the enumeration [0,10000,25000,50000,100000,150000,200000,250000,300000,350000,400000,450000,500000,null]",
    "6.constraint": "enum",
    "6.context": 1,
    "6.enum.0": 0,
    "6.enum.1": 10000,
    "6.enum.2": 25000,
    "6.enum.3": 50000,
    "6.enum.4": 100000,
    "6.enum.5": 150000,
    "6.enum.6": 200000,
    "6.enum.7": 250000,
    "6.enum.8": 300000,
    "6.enum.9": 350000,
    "6.enum.10": 400000,
    "6.enum.11": 450000,
    "6.enum.12": 500000,
    "6.enum.13": null,
    "7.property": "deliveryOptions.shipmentOptions.largeFormat",
    "7.pointer": "\/deliveryOptions\/shipmentOptions\/largeFormat",
    "7.message": "Does not have a value in the enumeration [0,1]",
    "7.constraint": "enum",
    "7.context": 1,
    "7.enum.0": 0,
    "7.enum.1": 1,
    "8.property": "deliveryOptions.shipmentOptions.return",
    "8.pointer": "\/deliveryOptions\/shipmentOptions\/return",
    "8.message": "Does not have a value in the enumeration [0,1]",
    "8.constraint": "enum",
    "8.context": 1,
    "8.enum.0": 0,
    "8.enum.1": 1,
    "9.property": "deliveryOptions.shipmentOptions.sameDayDelivery",
    "9.pointer": "\/deliveryOptions\/shipmentOptions\/sameDayDelivery",
    "9.message": "Does not have a value in the enumeration [0]",
    "9.constraint": "enum",
    "9.context": 1,
    "9.enum.0": 0
}
