{
  "0.property": "deliveryOptions.pickupLocation",
  "0.pointer": "/deliveryOptions/pickupLocation",
  "0.message": "The property pickupLocation is required",
  "0.constraint": "required",
  "0.context": 1,
  "1.property": "deliveryOptions.deliveryType",
  "1.pointer": "/deliveryOptions/deliveryType",
  "1.message": "Does not have a value in the enumeration [\"morning\",\"standard\",\"evening\",null]",
  "1.constraint": "enum",
  "1.context": 1,
  "1.enum.0": "morning",
  "1.enum.1": "standard",
  "1.enum.2": "evening",
  "1.enum.3": null,
  "2.property": "",
  "2.pointer": "",
  "2.message": "Failed to match at least one schema",
  "2.constraint": "anyOf",
  "2.context": 1,
  "3.property": "",
  "3.pointer": "",
  "3.message": "Failed to match all schemas",
  "3.constraint": "allOf",
  "3.context": 1
}
