{
  "0.property": "shippingAddress.cc",
  "0.pointer": "/shippingAddress/cc",
  "0.message": "The property cc is required",
  "0.constraint": "required",
  "0.context": 1,
  "1.property": "deliveryOptions.pickupLocation.city",
  "1.pointer": "/deliveryOptions/pickupLocation/city",
  "1.message": "The property city is required",
  "1.constraint": "required",
  "1.context": 1,
  "2.property": "deliveryOptions.pickupLocation.locationName",
  "2.pointer": "/deliveryOptions/pickupLocation/locationName",
  "2.message": "The property locationName is required",
  "2.constraint": "required",
  "2.context": 1,
  "3.property": "deliveryOptions.pickupLocation.postalCode",
  "3.pointer": "/deliveryOptions/pickupLocation/postalCode",
  "3.message": "The property postalCode is required",
  "3.constraint": "required",
  "3.context": 1,
  "4.property": "deliveryOptions.pickupLocation.street",
  "4.pointer": "/deliveryOptions/pickupLocation/street",
  "4.message": "The property street is required",
  "4.constraint": "required",
  "4.context": 1
}
