{
    "0.property": "deliveryOptions.deliveryType",
    "0.pointer": "\/deliveryOptions\/deliveryType",
    "0.message": "Does not have a value in the enumeration [\"standard\",null]",
    "0.constraint": "enum",
    "0.context": 1,
    "0.enum.0": "standard",
    "0.enum.1": null,
    "1.property": "deliveryOptions.date",
    "1.pointer": "\/deliveryOptions\/date",
    "1.message": "NULL value found, but a string is required",
    "1.constraint": "type",
    "1.context": 1,
    "2.property": "",
    "2.pointer": "",
    "2.message": "Failed to match at least one schema",
    "2.constraint": "anyOf",
    "2.context": 1,
    "3.property": "",
    "3.pointer": "",
    "3.message": "Failed to match all schemas",
    "3.constraint": "allOf",
    "3.context": 1
}
