{
    "0.property": "deliveryOptions.shipmentOptions.sameDayDelivery",
    "0.pointer": "\/deliveryOptions\/shipmentOptions\/sameDayDelivery",
    "0.message": "Does not have a value in the enumeration [0]",
    "0.constraint": "enum",
    "0.context": 1,
    "0.enum.0": 0
}
